Archive member included to satisfy reference by file (symbol)

/usr/local/Cellar/arm-gcc-bin/7-2018-q2-update/bin/../lib/gcc/arm-none-eabi/7.3.1/thumb/v6-m/libgcc.a(_udivsi3.o)
                              ./system/src/stm32f0-stdperiph/stm32f0xx_rcc.o (__aeabi_uidiv)
/usr/local/Cellar/arm-gcc-bin/7-2018-q2-update/bin/../lib/gcc/arm-none-eabi/7.3.1/thumb/v6-m/libgcc.a(_divsi3.o)
                              ./src/main.o (__aeabi_idiv)
/usr/local/Cellar/arm-gcc-bin/7-2018-q2-update/bin/../lib/gcc/arm-none-eabi/7.3.1/thumb/v6-m/libgcc.a(_dvmd_tls.o)
                              /usr/local/Cellar/arm-gcc-bin/7-2018-q2-update/bin/../lib/gcc/arm-none-eabi/7.3.1/thumb/v6-m/libgcc.a(_udivsi3.o) (__aeabi_idiv0)
/usr/local/Cellar/arm-gcc-bin/7-2018-q2-update/bin/../lib/gcc/arm-none-eabi/7.3.1/thumb/v6-m/libgcc.a(adddf3.o)
                              ./src/main.o (__aeabi_dadd)
/usr/local/Cellar/arm-gcc-bin/7-2018-q2-update/bin/../lib/gcc/arm-none-eabi/7.3.1/thumb/v6-m/libgcc.a(divdf3.o)
                              ./src/main.o (__aeabi_ddiv)
/usr/local/Cellar/arm-gcc-bin/7-2018-q2-update/bin/../lib/gcc/arm-none-eabi/7.3.1/thumb/v6-m/libgcc.a(muldf3.o)
                              ./src/main.o (__aeabi_dmul)
/usr/local/Cellar/arm-gcc-bin/7-2018-q2-update/bin/../lib/gcc/arm-none-eabi/7.3.1/thumb/v6-m/libgcc.a(fixdfsi.o)
                              ./src/main.o (__aeabi_d2iz)
/usr/local/Cellar/arm-gcc-bin/7-2018-q2-update/bin/../lib/gcc/arm-none-eabi/7.3.1/thumb/v6-m/libgcc.a(floatsidf.o)
                              ./src/main.o (__aeabi_i2d)
/usr/local/Cellar/arm-gcc-bin/7-2018-q2-update/bin/../lib/gcc/arm-none-eabi/7.3.1/thumb/v6-m/libgcc.a(_clzsi2.o)
                              /usr/local/Cellar/arm-gcc-bin/7-2018-q2-update/bin/../lib/gcc/arm-none-eabi/7.3.1/thumb/v6-m/libgcc.a(adddf3.o) (__clzsi2)
/usr/local/Cellar/arm-gcc-bin/7-2018-q2-update/bin/../lib/gcc/arm-none-eabi/7.3.1/../../../../arm-none-eabi/lib/thumb/v6-m/libg_nano.a(lib_a-errno.o)
                              ./system/src/newlib/_sbrk.o (__errno)
/usr/local/Cellar/arm-gcc-bin/7-2018-q2-update/bin/../lib/gcc/arm-none-eabi/7.3.1/../../../../arm-none-eabi/lib/thumb/v6-m/libg_nano.a(lib_a-impure.o)
                              /usr/local/Cellar/arm-gcc-bin/7-2018-q2-update/bin/../lib/gcc/arm-none-eabi/7.3.1/../../../../arm-none-eabi/lib/thumb/v6-m/libg_nano.a(lib_a-errno.o) (_impure_ptr)

Allocating common symbols
Common symbol       size              file

errno               0x4               ./system/src/newlib/_syscalls.o
calibrated_distance
                    0x2               ./src/main.o

Discarded input sections

 .group         0x0000000000000000        0xc ./system/src/stm32f0-stdperiph/stm32f0xx_gpio.o
 .group         0x0000000000000000        0xc ./system/src/stm32f0-stdperiph/stm32f0xx_gpio.o
 .group         0x0000000000000000        0xc ./system/src/stm32f0-stdperiph/stm32f0xx_gpio.o
 .group         0x0000000000000000        0xc ./system/src/stm32f0-stdperiph/stm32f0xx_gpio.o
 .group         0x0000000000000000        0xc ./system/src/stm32f0-stdperiph/stm32f0xx_gpio.o
 .group         0x0000000000000000        0xc ./system/src/stm32f0-stdperiph/stm32f0xx_gpio.o
 .group         0x0000000000000000        0xc ./system/src/stm32f0-stdperiph/stm32f0xx_gpio.o
 .group         0x0000000000000000        0xc ./system/src/stm32f0-stdperiph/stm32f0xx_gpio.o
 .group         0x0000000000000000        0xc ./system/src/stm32f0-stdperiph/stm32f0xx_gpio.o
 .group         0x0000000000000000        0xc ./system/src/stm32f0-stdperiph/stm32f0xx_gpio.o
 .group         0x0000000000000000        0xc ./system/src/stm32f0-stdperiph/stm32f0xx_gpio.o
 .group         0x0000000000000000        0xc ./system/src/stm32f0-stdperiph/stm32f0xx_gpio.o
 .group         0x0000000000000000        0xc ./system/src/stm32f0-stdperiph/stm32f0xx_gpio.o
 .group         0x0000000000000000        0xc ./system/src/stm32f0-stdperiph/stm32f0xx_gpio.o
 .group         0x0000000000000000        0xc ./system/src/stm32f0-stdperiph/stm32f0xx_gpio.o
 .group         0x0000000000000000        0xc ./system/src/stm32f0-stdperiph/stm32f0xx_gpio.o
 .group         0x0000000000000000        0xc ./system/src/stm32f0-stdperiph/stm32f0xx_gpio.o
 .group         0x0000000000000000        0xc ./system/src/stm32f0-stdperiph/stm32f0xx_gpio.o
 .group         0x0000000000000000        0xc ./system/src/stm32f0-stdperiph/stm32f0xx_gpio.o
 .group         0x0000000000000000        0xc ./system/src/stm32f0-stdperiph/stm32f0xx_gpio.o
 .group         0x0000000000000000        0xc ./system/src/stm32f0-stdperiph/stm32f0xx_gpio.o
 .group         0x0000000000000000        0xc ./system/src/stm32f0-stdperiph/stm32f0xx_gpio.o
 .group         0x0000000000000000        0xc ./system/src/stm32f0-stdperiph/stm32f0xx_gpio.o
 .group         0x0000000000000000        0xc ./system/src/stm32f0-stdperiph/stm32f0xx_gpio.o
 .group         0x0000000000000000        0xc ./system/src/stm32f0-stdperiph/stm32f0xx_gpio.o
[...]
Memory Configuration

Name             Origin             Length             Attributes
RAM              0x0000000020000000 0x0000000000002000 xrw
CCMRAM           0x0000000000000000 0x0000000000000000 xrw
FLASH            0x0000000008000000 0x0000000000010000 xr
FLASHB1          0x0000000000000000 0x0000000000000000 xr
EXTMEMB0         0x0000000000000000 0x0000000000000000 xr
EXTMEMB1         0x0000000000000000 0x0000000000000000 xr
EXTMEMB2         0x0000000000000000 0x0000000000000000 xr
EXTMEMB3         0x0000000000000000 0x0000000000000000 xr
MEMORY_ARRAY     0x0000000000000000 0x0000000000000000 xrw
*default*        0x0000000000000000 0xffffffffffffffff

Linker script and memory map

LOAD ./system/src/stm32f0-stdperiph/stm32f0xx_gpio.o
LOAD ./system/src/stm32f0-stdperiph/stm32f0xx_rcc.o
LOAD ./system/src/newlib/_cxx.o
LOAD ./system/src/newlib/_exit.o
LOAD ./system/src/newlib/_sbrk.o
LOAD ./system/src/newlib/_startup.o
LOAD ./system/src/newlib/_syscalls.o
LOAD ./system/src/newlib/assert.o
LOAD ./system/src/diag/Trace.o
LOAD ./system/src/diag/trace_impl.o
LOAD ./system/src/cortexm/_initialize_hardware.o
LOAD ./system/src/cortexm/_reset_hardware.o
LOAD ./system/src/cortexm/exception_handlers.o
LOAD ./system/src/cmsis/system_stm32f0xx.o
LOAD ./system/src/cmsis/vectors_stm32f0xx.o
LOAD ./src/_write.o
LOAD ./src/main.o
LOAD /usr/local/Cellar/arm-gcc-bin/7-2018-q2-update/bin/../lib/gcc/arm-none-eabi/7.3.1/../../../../arm-none-eabi/lib/thumb/v6-m/libstdc++_nano.a
LOAD /usr/local/Cellar/arm-gcc-bin/7-2018-q2-update/bin/../lib/gcc/arm-none-eabi/7.3.1/../../../../arm-none-eabi/lib/thumb/v6-m/libm.a
START GROUP
LOAD /usr/local/Cellar/arm-gcc-bin/7-2018-q2-update/bin/../lib/gcc/arm-none-eabi/7.3.1/thumb/v6-m/libgcc.a
LOAD /usr/local/Cellar/arm-gcc-bin/7-2018-q2-update/bin/../lib/gcc/arm-none-eabi/7.3.1/../../../../arm-none-eabi/lib/thumb/v6-m/libg_nano.a
LOAD /usr/local/Cellar/arm-gcc-bin/7-2018-q2-update/bin/../lib/gcc/arm-none-eabi/7.3.1/../../../../arm-none-eabi/lib/thumb/v6-m/libc_nano.a
END GROUP
START GROUP
LOAD /usr/local/Cellar/arm-gcc-bin/7-2018-q2-update/bin/../lib/gcc/arm-none-eabi/7.3.1/thumb/v6-m/libgcc.a
LOAD /usr/local/Cellar/arm-gcc-bin/7-2018-q2-update/bin/../lib/gcc/arm-none-eabi/7.3.1/../../../../arm-none-eabi/lib/thumb/v6-m/libc_nano.a
END GROUP
                0x0000000020002000                __stack = (ORIGIN (RAM) + LENGTH (RAM))
                0x0000000020002000                _estack = __stack
                0x0000000000000400                __Main_Stack_Size = 0x400
                [!provide]                        PROVIDE (_Main_Stack_Size = __Main_Stack_Size)
                0x0000000020001c00                __Main_Stack_Limit = (__stack - __Main_Stack_Size)
                [!provide]                        PROVIDE (_Main_Stack_Limit = __Main_Stack_Limit)
                0x0000000000000100                _Minimum_Stack_Size = 0x100
                0x0000000020000034                PROVIDE (_Heap_Begin = _end_noinit)
                0x0000000020001c00                PROVIDE (_Heap_Limit = (__stack - __Main_Stack_Size))

.isr_vector     0x0000000008000000      0x214
 FILL mask 0xff
                0x0000000008000000                __vectors_start = ABSOLUTE (.)
                0x0000000008000000                __vectors_start__ = ABSOLUTE (.)
 *(.isr_vector)
 .isr_vector    0x0000000008000000       0xc4 ./system/src/cmsis/vectors_stm32f0xx.o
                0x0000000008000000                g_pfnVectors
 *(.cfmconfig)
 *(.after_vectors .after_vectors.*)
 .after_vectors
                0x00000000080000c4      0x118 ./system/src/newlib/_startup.o
                0x00000000080000c4                _start
 .after_vectors
                0x00000000080001dc       0x34 ./system/src/cortexm/exception_handlers.o
                0x00000000080001dc                Reset_Handler
                0x00000000080001e2                NMI_Handler
                0x00000000080001e6                HardFault_Handler
                0x00000000080001fe                HardFault_Handler_C
                0x0000000008000202                SVC_Handler
                0x0000000008000206                PendSV_Handler
                0x000000000800020a                SysTick_Handler
 .after_vectors
                0x0000000008000210        0x4 ./system/src/cmsis/vectors_stm32f0xx.o
                0x0000000008000210                TIM1_BRK_UP_TRG_COM_IRQHandler
                0x0000000008000210                TSC_IRQHandler
                0x0000000008000210                ADC1_COMP_IRQHandler
                0x0000000008000210                TIM6_IRQHandler
                0x0000000008000210                PVD_IRQHandler
                0x0000000008000210                I2C1_IRQHandler
                0x0000000008000210                RCC_CRS_IRQHandler
                0x0000000008000210                SPI1_IRQHandler
                0x0000000008000210                TIM6_DAC_IRQHandler
                0x0000000008000210                USART3_4_IRQHandler
                0x0000000008000210                EXTI2_3_IRQHandler
                0x0000000008000210                ADC1_IRQHandler
                0x0000000008000210                I2C2_IRQHandler
                0x0000000008000210                USART3_6_IRQHandler
                0x0000000008000210                TIM17_IRQHandler
                0x0000000008000210                CEC_CAN_IRQHandler
                0x0000000008000210                RTC_IRQHandler
                0x0000000008000210                PVD_VDDIO2_IRQHandler
                0x0000000008000210                DMA1_Channel4_5_6_7_IRQHandler
                0x0000000008000210                TIM16_IRQHandler
                0x0000000008000210                TIM3_IRQHandler
                0x0000000008000210                RCC_IRQHandler
                0x0000000008000210                EXTI4_15_IRQHandler
                0x0000000008000210                USART3_8_IRQHandler
                0x0000000008000210                DMA1_Channel1_IRQHandler
                0x0000000008000210                Default_Handler
                0x0000000008000210                CEC_IRQHandler
                0x0000000008000210                TIM14_IRQHandler
                0x0000000008000210                DMA1_Channel4_5_IRQHandler
                0x0000000008000210                TIM7_IRQHandler
                0x0000000008000210                TIM15_IRQHandler
                0x0000000008000210                EXTI0_1_IRQHandler
                0x0000000008000210                USB_IRQHandler
                0x0000000008000210                SPI2_IRQHandler
                0x0000000008000210                DMA1_Ch2_3_DMA2_Ch1_2_IRQHandler
                0x0000000008000210                DMA1_Ch4_7_DMA2_Ch3_5_IRQHandler
                0x0000000008000210                TS_IRQHandler
                0x0000000008000210                WWDG_IRQHandler
                0x0000000008000210                TIM2_IRQHandler
                0x0000000008000210                DMA1_Channel2_3_IRQHandler
                0x0000000008000210                USART2_IRQHandler
                0x0000000008000210                VDDIO2_IRQHandler
                0x0000000008000210                FLASH_IRQHandler
                0x0000000008000210                USART1_IRQHandler
                0x0000000008000210                TIM1_CC_IRQHandler

.inits          0x0000000008000214       0x28
                0x0000000008000214                __data_regions_array_start = .
                0x0000000008000214        0x4 LONG 0x8001b38 LOADADDR (.data)
                0x0000000008000218        0x4 LONG 0x20000000 ADDR (.data)
                0x000000000800021c        0x4 LONG 0x20000028 (ADDR (.data) + SIZEOF (.data))
                0x0000000008000220        0x4 LONG 0x8001b38 LOADADDR (.data_CCMRAM)
                0x0000000008000224        0x4 LONG 0x0 ADDR (.data_CCMRAM)
                0x0000000008000228        0x4 LONG 0x0 (ADDR (.data_CCMRAM) + SIZEOF (.data_CCMRAM))
                0x000000000800022c                __data_regions_array_end = .
                0x000000000800022c                __bss_regions_array_start = .
                0x000000000800022c        0x4 LONG 0x20000028 ADDR (.bss)
                0x0000000008000230        0x4 LONG 0x20000034 (ADDR (.bss) + SIZEOF (.bss))
                0x0000000008000234        0x4 LONG 0x0 ADDR (.bss_CCMRAM)
                0x0000000008000238        0x4 LONG 0x0 (ADDR (.bss_CCMRAM) + SIZEOF (.bss_CCMRAM))
                0x000000000800023c                __bss_regions_array_end = .
 *(.init)
 *(.fini)
                0x000000000800023c                . = ALIGN (0x4)
                0x000000000800023c                PROVIDE (__preinit_array_start = .)
 *(.preinit_array_sysinit .preinit_array_sysinit.*)
 *(.preinit_array_platform .preinit_array_platform.*)
 *(.preinit_array .preinit_array.*)
                0x000000000800023c                PROVIDE (__preinit_array_end = .)
                0x000000000800023c                . = ALIGN (0x4)
                0x000000000800023c                PROVIDE (__init_array_start = .)
 *(SORT_BY_NAME(.init_array.*))
 *(.init_array)
                0x000000000800023c                PROVIDE (__init_array_end = .)
                0x000000000800023c                . = ALIGN (0x4)
                0x000000000800023c                PROVIDE (__fini_array_start = .)
 *(SORT_BY_NAME(.fini_array.*))
 *(.fini_array)
                0x000000000800023c                PROVIDE (__fini_array_end = .)

.flashtext
 *(.flashtext .flashtext.*)

.text           0x000000000800023c     0x18fc
 *(.text .text.*)
 .text._exit    0x000000000800023c        0x2 ./system/src/newlib/_exit.o
                0x000000000800023c                _exit
 *fill*         0x000000000800023e        0x2 
 .text.__initialize_args
                0x0000000008000240       0x10 ./system/src/newlib/_syscalls.o
                0x0000000008000240                __initialize_args
 .text.__initialize_hardware_early
                0x0000000008000250        0x8 ./system/src/cortexm/_initialize_hardware.o
                0x0000000008000250                __initialize_hardware_early
 .text.__initialize_hardware
                0x0000000008000258        0x8 ./system/src/cortexm/_initialize_hardware.o
                0x0000000008000258                __initialize_hardware
 .text.SetSysClock
                0x0000000008000260       0xb4 ./system/src/cmsis/system_stm32f0xx.o
 .text.SystemInit
                0x0000000008000314       0x64 ./system/src/cmsis/system_stm32f0xx.o
                0x0000000008000314                SystemInit
 .text.SystemCoreClockUpdate
                0x0000000008000378       0x98 ./system/src/cmsis/system_stm32f0xx.o
                0x0000000008000378                SystemCoreClockUpdate
 .text.init_Port
                0x0000000008000410       0x58 ./src/main.o
                0x0000000008000410                init_Port
 .text.init_Servo
                0x0000000008000468       0x64 ./src/main.o
                0x0000000008000468                init_Servo
 .text.change_pos
                0x00000000080004cc       0x78 ./src/main.o
                0x00000000080004cc                change_pos
 .text.main     0x0000000008000544       0x4c ./src/main.o
                0x0000000008000544                main
 .text          0x0000000008000590      0x114 /usr/local/Cellar/arm-gcc-bin/7-2018-q2-update/bin/../lib/gcc/arm-none-eabi/7.3.1/thumb/v6-m/libgcc.a(_udivsi3.o)
                0x0000000008000590                __udivsi3
                0x0000000008000590                __aeabi_uidiv
                0x000000000800069c                __aeabi_uidivmod
 .text          0x00000000080006a4      0x1d4 /usr/local/Cellar/arm-gcc-bin/7-2018-q2-update/bin/../lib/gcc/arm-none-eabi/7.3.1/thumb/v6-m/libgcc.a(_divsi3.o)
                0x00000000080006a4                __aeabi_idiv
                0x00000000080006a4                __divsi3
                0x0000000008000870                __aeabi_idivmod
 .text          0x0000000008000878        0x4 /usr/local/Cellar/arm-gcc-bin/7-2018-q2-update/bin/../lib/gcc/arm-none-eabi/7.3.1/thumb/v6-m/libgcc.a(_dvmd_tls.o)
                0x0000000008000878                __aeabi_ldiv0
                0x0000000008000878                __aeabi_idiv0
 .text          0x000000000800087c      0x638 /usr/local/Cellar/arm-gcc-bin/7-2018-q2-update/bin/../lib/gcc/arm-none-eabi/7.3.1/thumb/v6-m/libgcc.a(adddf3.o)
                0x000000000800087c                __aeabi_dadd
 .text          0x0000000008000eb4      0x604 /usr/local/Cellar/arm-gcc-bin/7-2018-q2-update/bin/../lib/gcc/arm-none-eabi/7.3.1/thumb/v6-m/libgcc.a(divdf3.o)
                0x0000000008000eb4                __aeabi_ddiv
 .text          0x00000000080014b8      0x4e4 /usr/local/Cellar/arm-gcc-bin/7-2018-q2-update/bin/../lib/gcc/arm-none-eabi/7.3.1/thumb/v6-m/libgcc.a(muldf3.o)
                0x00000000080014b8                __aeabi_dmul
 .text          0x000000000800199c       0x6c /usr/local/Cellar/arm-gcc-bin/7-2018-q2-update/bin/../lib/gcc/arm-none-eabi/7.3.1/thumb/v6-m/libgcc.a(fixdfsi.o)
                0x000000000800199c                __aeabi_d2iz
 .text          0x0000000008001a08       0x74 /usr/local/Cellar/arm-gcc-bin/7-2018-q2-update/bin/../lib/gcc/arm-none-eabi/7.3.1/thumb/v6-m/libgcc.a(floatsidf.o)
                0x0000000008001a08                __aeabi_i2d
 .text          0x0000000008001a7c       0x3c /usr/local/Cellar/arm-gcc-bin/7-2018-q2-update/bin/../lib/gcc/arm-none-eabi/7.3.1/thumb/v6-m/libgcc.a(_clzsi2.o)
                0x0000000008001a7c                __clzsi2
 *(.rodata .rodata.* .constdata .constdata.*)
 .rodata        0x0000000008001ab8       0x40 /usr/local/Cellar/arm-gcc-bin/7-2018-q2-update/bin/../lib/gcc/arm-none-eabi/7.3.1/thumb/v6-m/libgcc.a(divdf3.o)
 .rodata        0x0000000008001af8       0x40 /usr/local/Cellar/arm-gcc-bin/7-2018-q2-update/bin/../lib/gcc/arm-none-eabi/7.3.1/thumb/v6-m/libgcc.a(muldf3.o)
 *(vtable)
 *(.eh_frame*)
 *(.glue_7)
 .glue_7        0x0000000008001b38        0x0 linker stubs
 *(.glue_7t)
 .glue_7t       0x0000000008001b38        0x0 linker stubs

.vfp11_veneer   0x0000000008001b38        0x0
 .vfp11_veneer  0x0000000008001b38        0x0 linker stubs

.v4_bx          0x0000000008001b38        0x0
 .v4_bx         0x0000000008001b38        0x0 linker stubs

.iplt           0x0000000008001b38        0x0
 .iplt          0x0000000008001b38        0x0 ./system/src/newlib/_exit.o

.rel.dyn        0x0000000008001b38        0x0
 .rel.iplt      0x0000000008001b38        0x0 ./system/src/newlib/_exit.o

.ARM.extab
 *(.ARM.extab* .gnu.linkonce.armextab.*)
                0x0000000008001b38                . = ALIGN (0x4)
                0x0000000008001b38                __exidx_start = .

.ARM.exidx
 *(.ARM.exidx* .gnu.linkonce.armexidx.*)
                0x0000000008001b38                __exidx_end = .
                0x0000000008001b38                . = ALIGN (0x4)
                0x0000000008001b38                _etext = .
                0x0000000008001b38                __etext = .

.data_CCMRAM    0x0000000000000000        0x0 load address 0x0000000008001b38
 FILL mask 0xff
 *(.data.CCMRAM .data.CCMRAM.*)
                0x0000000000000000                . = ALIGN (0x4)
                0x0000000008001b38                _sidata = LOADADDR (.data)

.data           0x0000000020000000       0x28 load address 0x0000000008001b38
 FILL mask 0xff
                0x0000000020000000                _sdata = .
                0x0000000020000000                __data_start__ = .
 *(.data_begin .data_begin.*)
 .data_begin    0x0000000020000000        0x4 ./system/src/newlib/_startup.o
 *(.data .data.*)
 .data.argv.4310
                0x0000000020000004        0x8 ./system/src/newlib/_syscalls.o
 .data.AHBPrescTable
                0x000000002000000c       0x10 ./system/src/cmsis/system_stm32f0xx.o
                0x000000002000000c                AHBPrescTable
 .data.SystemCoreClock
                0x000000002000001c        0x4 ./system/src/cmsis/system_stm32f0xx.o
                0x000000002000001c                SystemCoreClock
 .data.degrees  0x0000000020000020        0x4 ./src/main.o
                0x0000000020000020                degrees
 *(.data_end .data_end.*)
 .data_end      0x0000000020000024        0x4 ./system/src/newlib/_startup.o
                0x0000000020000028                . = ALIGN (0x4)
                0x0000000020000028                _edata = .
                0x0000000020000028                __data_end__ = .

.igot.plt       0x0000000020000028        0x0 load address 0x0000000008001b60
 .igot.plt      0x0000000020000028        0x0 ./system/src/newlib/_exit.o

.bss_CCMRAM     0x0000000000000000        0x0
 *(.bss.CCMRAM .bss.CCMRAM.*)

.bss            0x0000000020000028        0xc
                0x0000000020000028                __bss_start__ = .
                0x0000000020000028                _sbss = .
 *(.bss_begin .bss_begin.*)
 .bss_begin     0x0000000020000028        0x4 ./system/src/newlib/_startup.o
 *(.bss .bss.*)
 .bss.name.4309
                0x000000002000002c        0x1 ./system/src/newlib/_syscalls.o
 .bss.start_stop
                0x000000002000002d        0x1 ./src/main.o
                0x000000002000002d                start_stop
 *(COMMON)
 *(.bss_end .bss_end.*)
 *fill*         0x000000002000002e        0x2 
 .bss_end       0x0000000020000030        0x4 ./system/src/newlib/_startup.o
                0x0000000020000034                . = ALIGN (0x4)
                0x0000000020000034                __bss_end__ = .
                0x0000000020000034                _ebss = .

.noinit_CCMRAM
 *(.noinit.CCMRAM .noinit.CCMRAM.*)

.noinit         0x0000000020000034        0x0
                0x0000000020000034                _noinit = .
 *(.noinit .noinit.*)
                0x0000000020000034                . = ALIGN (0x4)
                0x0000000020000034                _end_noinit = .
                [!provide]                        PROVIDE (end = _end_noinit)
                [!provide]                        PROVIDE (_end = _end_noinit)
                [!provide]                        PROVIDE (__end = _end_noinit)
                [!provide]                        PROVIDE (__end__ = _end_noinit)

._check_stack   0x0000000020000034      0x100
                0x0000000020000134                . = (. + _Minimum_Stack_Size)
 *fill*         0x0000000020000034      0x100 

.b1text
 *(.b1text)
 *(.b1rodata)
 *(.b1rodata.*)

.eb0text
 *(.eb0text)
 *(.eb0rodata)
 *(.eb0rodata.*)

.eb1text
 *(.eb1text)
 *(.eb1rodata)
 *(.eb1rodata.*)

.eb2text
 *(.eb2text)
 *(.eb2rodata)
 *(.eb2rodata.*)

.eb3text
 *(.eb3text)
 *(.eb3rodata)
 *(.eb3rodata.*)

.stab
 *(.stab)

.stabstr
 *(.stabstr)

.stab.excl
 *(.stab.excl)

.stab.exclstr
 *(.stab.exclstr)

.stab.index
 *(.stab.index)

.stab.indexstr
 *(.stab.indexstr)

.comment        0x0000000000000000       0x7f
 *(.comment)
 .comment       0x0000000000000000       0x7f ./system/src/newlib/_exit.o
                                         0x80 (size before relaxing)
 .comment       0x000000000000007f       0x80 ./system/src/newlib/_startup.o
 .comment       0x000000000000007f       0x80 ./system/src/newlib/_syscalls.o
 .comment       0x000000000000007f       0x80 ./system/src/cortexm/_initialize_hardware.o
 .comment       0x000000000000007f       0x80 ./system/src/cortexm/exception_handlers.o
 .comment       0x000000000000007f       0x80 ./system/src/cmsis/system_stm32f0xx.o
 .comment       0x000000000000007f       0x80 ./system/src/cmsis/vectors_stm32f0xx.o
 .comment       0x000000000000007f       0x80 ./src/main.o

.ARM.attributes
                0x0000000000000000       0x31
 .ARM.attributes
                0x0000000000000000       0x31 ./system/src/newlib/_exit.o
 .ARM.attributes
                0x0000000000000031       0x31 ./system/src/newlib/_startup.o
 .ARM.attributes
                0x0000000000000062       0x31 ./system/src/newlib/_syscalls.o
 .ARM.attributes
                0x0000000000000093       0x31 ./system/src/cortexm/_initialize_hardware.o
 .ARM.attributes
                0x00000000000000c4       0x31 ./system/src/cortexm/exception_handlers.o
 .ARM.attributes
                0x00000000000000f5       0x31 ./system/src/cmsis/system_stm32f0xx.o
 .ARM.attributes
                0x0000000000000126       0x31 ./system/src/cmsis/vectors_stm32f0xx.o
 .ARM.attributes
                0x0000000000000157       0x31 ./src/main.o
 .ARM.attributes
                0x0000000000000188       0x1e /usr/local/Cellar/arm-gcc-bin/7-2018-q2-update/bin/../lib/gcc/arm-none-eabi/7.3.1/thumb/v6-m/libgcc.a(_udivsi3.o)
 .ARM.attributes
                0x00000000000001a6       0x1e /usr/local/Cellar/arm-gcc-bin/7-2018-q2-update/bin/../lib/gcc/arm-none-eabi/7.3.1/thumb/v6-m/libgcc.a(_divsi3.o)
 .ARM.attributes
                0x00000000000001c4       0x1e /usr/local/Cellar/arm-gcc-bin/7-2018-q2-update/bin/../lib/gcc/arm-none-eabi/7.3.1/thumb/v6-m/libgcc.a(_dvmd_tls.o)
 .ARM.attributes
                0x00000000000001e2       0x2c /usr/local/Cellar/arm-gcc-bin/7-2018-q2-update/bin/../lib/gcc/arm-none-eabi/7.3.1/thumb/v6-m/libgcc.a(adddf3.o)
 .ARM.attributes
                0x000000000000020e       0x2c /usr/local/Cellar/arm-gcc-bin/7-2018-q2-update/bin/../lib/gcc/arm-none-eabi/7.3.1/thumb/v6-m/libgcc.a(divdf3.o)
 .ARM.attributes
                0x000000000000023a       0x2c /usr/local/Cellar/arm-gcc-bin/7-2018-q2-update/bin/../lib/gcc/arm-none-eabi/7.3.1/thumb/v6-m/libgcc.a(muldf3.o)
 .ARM.attributes
                0x0000000000000266       0x2c /usr/local/Cellar/arm-gcc-bin/7-2018-q2-update/bin/../lib/gcc/arm-none-eabi/7.3.1/thumb/v6-m/libgcc.a(fixdfsi.o)
 .ARM.attributes
                0x0000000000000292       0x2c /usr/local/Cellar/arm-gcc-bin/7-2018-q2-update/bin/../lib/gcc/arm-none-eabi/7.3.1/thumb/v6-m/libgcc.a(floatsidf.o)
 .ARM.attributes
                0x00000000000002be       0x1e /usr/local/Cellar/arm-gcc-bin/7-2018-q2-update/bin/../lib/gcc/arm-none-eabi/7.3.1/thumb/v6-m/libgcc.a(_clzsi2.o)

.debug
 *(.debug)

.line
 *(.line)

.debug_srcinfo
 *(.debug_srcinfo)

.debug_sfnames
 *(.debug_sfnames)

.debug_aranges  0x0000000000000000      0x1a8
 *(.debug_aranges)
 .debug_aranges
                0x0000000000000000       0x28 ./system/src/newlib/_exit.o
 .debug_aranges
                0x0000000000000028       0x40 ./system/src/newlib/_startup.o
 .debug_aranges
                0x0000000000000068       0x30 ./system/src/newlib/_syscalls.o
 .debug_aranges
                0x0000000000000098       0x28 ./system/src/cortexm/_initialize_hardware.o
 .debug_aranges
                0x00000000000000c0       0x50 ./system/src/cortexm/exception_handlers.o
 .debug_aranges
                0x0000000000000110       0x30 ./system/src/cmsis/system_stm32f0xx.o
 .debug_aranges
                0x0000000000000140       0x20 ./system/src/cmsis/vectors_stm32f0xx.o
 .debug_aranges
                0x0000000000000160       0x48 ./src/main.o

.debug_pubnames
 *(.debug_pubnames)

.debug_info     0x0000000000000000     0x350b
 *(.debug_info .gnu.linkonce.wi.*)
 .debug_info    0x0000000000000000      0x94a ./system/src/newlib/_exit.o
 .debug_info    0x000000000000094a      0x42d ./system/src/newlib/_startup.o
 .debug_info    0x0000000000000d77      0xa19 ./system/src/newlib/_syscalls.o
 .debug_info    0x0000000000001790       0xe5 ./system/src/cortexm/_initialize_hardware.o
 .debug_info    0x0000000000001875      0xa20 ./system/src/cortexm/exception_handlers.o
 .debug_info    0x0000000000002295      0x2f3 ./system/src/cmsis/system_stm32f0xx.o
 .debug_info    0x0000000000002588       0xca ./system/src/cmsis/vectors_stm32f0xx.o
 .debug_info    0x0000000000002652      0xeb9 ./src/main.o

.debug_abbrev   0x0000000000000000      0xcf7
 *(.debug_abbrev)
 .debug_abbrev  0x0000000000000000      0x1f5 ./system/src/newlib/_exit.o
 .debug_abbrev  0x00000000000001f5      0x1c4 ./system/src/newlib/_startup.o
 .debug_abbrev  0x00000000000003b9      0x234 ./system/src/newlib/_syscalls.o
 .debug_abbrev  0x00000000000005ed       0x81 ./system/src/cortexm/_initialize_hardware.o
 .debug_abbrev  0x000000000000066e      0x233 ./system/src/cortexm/exception_handlers.o
 .debug_abbrev  0x00000000000008a1      0x166 ./system/src/cmsis/system_stm32f0xx.o
 .debug_abbrev  0x0000000000000a07       0x9d ./system/src/cmsis/vectors_stm32f0xx.o
 .debug_abbrev  0x0000000000000aa4      0x253 ./src/main.o

.debug_line     0x0000000000000000     0x1f6c
 *(.debug_line)
 .debug_line    0x0000000000000000      0x331 ./system/src/newlib/_exit.o
 .debug_line    0x0000000000000331      0x3a1 ./system/src/newlib/_startup.o
 .debug_line    0x00000000000006d2      0x3f8 ./system/src/newlib/_syscalls.o
 .debug_line    0x0000000000000aca      0x378 ./system/src/cortexm/_initialize_hardware.o
 .debug_line    0x0000000000000e42      0x665 ./system/src/cortexm/exception_handlers.o
 .debug_line    0x00000000000014a7      0x3c2 ./system/src/cmsis/system_stm32f0xx.o
 .debug_line    0x0000000000001869       0xf9 ./system/src/cmsis/vectors_stm32f0xx.o
 .debug_line    0x0000000000001962      0x60a ./src/main.o

.debug_frame    0x0000000000000000      0x414
 *(.debug_frame)
 .debug_frame   0x0000000000000000       0x38 ./system/src/newlib/_exit.o
 .debug_frame   0x0000000000000038       0x80 ./system/src/newlib/_startup.o
 .debug_frame   0x00000000000000b8       0x50 ./system/src/newlib/_syscalls.o
 .debug_frame   0x0000000000000108       0x40 ./system/src/cortexm/_initialize_hardware.o
 .debug_frame   0x0000000000000148       0x88 ./system/src/cortexm/exception_handlers.o
 .debug_frame   0x00000000000001d0       0x54 ./system/src/cmsis/system_stm32f0xx.o
 .debug_frame   0x0000000000000224       0x20 ./system/src/cmsis/vectors_stm32f0xx.o
 .debug_frame   0x0000000000000244       0x88 ./src/main.o
 .debug_frame   0x00000000000002cc       0x20 /usr/local/Cellar/arm-gcc-bin/7-2018-q2-update/bin/../lib/gcc/arm-none-eabi/7.3.1/thumb/v6-m/libgcc.a(_udivsi3.o)
 .debug_frame   0x00000000000002ec       0x20 /usr/local/Cellar/arm-gcc-bin/7-2018-q2-update/bin/../lib/gcc/arm-none-eabi/7.3.1/thumb/v6-m/libgcc.a(_divsi3.o)
 .debug_frame   0x000000000000030c       0x38 /usr/local/Cellar/arm-gcc-bin/7-2018-q2-update/bin/../lib/gcc/arm-none-eabi/7.3.1/thumb/v6-m/libgcc.a(adddf3.o)
 .debug_frame   0x0000000000000344       0x3c /usr/local/Cellar/arm-gcc-bin/7-2018-q2-update/bin/../lib/gcc/arm-none-eabi/7.3.1/thumb/v6-m/libgcc.a(divdf3.o)
 .debug_frame   0x0000000000000380       0x3c /usr/local/Cellar/arm-gcc-bin/7-2018-q2-update/bin/../lib/gcc/arm-none-eabi/7.3.1/thumb/v6-m/libgcc.a(muldf3.o)
 .debug_frame   0x00000000000003bc       0x2c /usr/local/Cellar/arm-gcc-bin/7-2018-q2-update/bin/../lib/gcc/arm-none-eabi/7.3.1/thumb/v6-m/libgcc.a(fixdfsi.o)
 .debug_frame   0x00000000000003e8       0x2c /usr/local/Cellar/arm-gcc-bin/7-2018-q2-update/bin/../lib/gcc/arm-none-eabi/7.3.1/thumb/v6-m/libgcc.a(floatsidf.o)

.debug_str      0x0000000000000000    0x512aa
 *(.debug_str)
 .debug_str     0x0000000000000000     0x7b36 ./system/src/newlib/_exit.o
                                       0x7cee (size before relaxing)
 .debug_str     0x0000000000007b36      0xbbd ./system/src/newlib/_startup.o
                                       0x67db (size before relaxing)
 .debug_str     0x00000000000086f3     0x1311 ./system/src/newlib/_syscalls.o
                                       0x7f7b (size before relaxing)
 .debug_str     0x0000000000009a04    0x46bdd ./system/src/cortexm/_initialize_hardware.o
                                      0x4a33a (size before relaxing)
 .debug_str     0x00000000000505e1      0x16c ./system/src/cortexm/exception_handlers.o
                                      0x4f303 (size before relaxing)
 .debug_str     0x000000000005074d      0x108 ./system/src/cmsis/system_stm32f0xx.o
                                      0x4a3bf (size before relaxing)
 .debug_str     0x0000000000050855       0x56 ./system/src/cmsis/vectors_stm32f0xx.o
                                       0x37be (size before relaxing)
 .debug_str     0x00000000000508ab      0x9ff ./src/main.o
                                      0x4ebfe (size before relaxing)

.debug_loc      0x0000000000000000      0x3a8
 *(.debug_loc)
 .debug_loc     0x0000000000000000      0x1a9 ./system/src/newlib/_startup.o
 .debug_loc     0x00000000000001a9       0x63 ./system/src/newlib/_syscalls.o
 .debug_loc     0x000000000000020c      0x150 ./system/src/cmsis/system_stm32f0xx.o
 .debug_loc     0x000000000000035c       0x4c ./src/main.o

.debug_macinfo
 *(.debug_macinfo)

.debug_weaknames
 *(.debug_weaknames)

.debug_funcnames
 *(.debug_funcnames)

.debug_typenames
 *(.debug_typenames)

.debug_varnames
 *(.debug_varnames)
OUTPUT(DesignProject.elf elf32-littlearm)

.debug_ranges   0x0000000000000000      0x170
 .debug_ranges  0x0000000000000000       0x18 ./system/src/newlib/_exit.o
 .debug_ranges  0x0000000000000018       0x78 ./system/src/newlib/_startup.o
 .debug_ranges  0x0000000000000090       0x20 ./system/src/newlib/_syscalls.o
 .debug_ranges  0x00000000000000b0       0x18 ./system/src/cortexm/_initialize_hardware.o
 .debug_ranges  0x00000000000000c8       0x40 ./system/src/cortexm/exception_handlers.o
 .debug_ranges  0x0000000000000108       0x20 ./system/src/cmsis/system_stm32f0xx.o
 .debug_ranges  0x0000000000000128       0x10 ./system/src/cmsis/vectors_stm32f0xx.o
 .debug_ranges  0x0000000000000138       0x38 ./src/main.o

.debug_macro    0x0000000000000000     0x1e5d
 .debug_macro   0x0000000000000000      0x1b4 ./system/src/newlib/_exit.o
 .debug_macro   0x00000000000001b4       0x34 ./system/src/newlib/_exit.o
 .debug_macro   0x00000000000001e8      0x10e ./system/src/newlib/_exit.o
 .debug_macro   0x00000000000002f6       0x8d ./system/src/newlib/_exit.o
 .debug_macro   0x0000000000000383       0x43 ./system/src/newlib/_exit.o
 .debug_macro   0x00000000000003c6      0x330 ./system/src/newlib/_exit.o
 .debug_macro   0x00000000000006f6       0x35 ./system/src/newlib/_exit.o
 .debug_macro   0x000000000000072b      0x173 ./system/src/newlib/_startup.o
 .debug_macro   0x000000000000089e      0x217 ./system/src/newlib/_syscalls.o
 .debug_macro   0x0000000000000ab5       0x1c ./system/src/newlib/_syscalls.o
 .debug_macro   0x0000000000000ad1       0x10 ./system/src/newlib/_syscalls.o
 .debug_macro   0x0000000000000ae1       0x10 ./system/src/newlib/_syscalls.o
 .debug_macro   0x0000000000000af1       0x10 ./system/src/newlib/_syscalls.o
 .debug_macro   0x0000000000000b01       0x35 ./system/src/newlib/_syscalls.o
 .debug_macro   0x0000000000000b36      0x122 ./system/src/newlib/_syscalls.o
 .debug_macro   0x0000000000000c58       0x88 ./system/src/newlib/_syscalls.o
 .debug_macro   0x0000000000000ce0       0x2b ./system/src/newlib/_syscalls.o
 .debug_macro   0x0000000000000d0b      0x118 ./system/src/newlib/_syscalls.o
 .debug_macro   0x0000000000000e23      0x189 ./system/src/newlib/_syscalls.o
 .debug_macro   0x0000000000000fac       0x16 ./system/src/newlib/_syscalls.o
 .debug_macro   0x0000000000000fc2      0x165 ./system/src/cortexm/_initialize_hardware.o
 .debug_macro   0x0000000000001127      0x31e ./system/src/cortexm/exception_handlers.o
 .debug_macro   0x0000000000001445       0x3b ./system/src/cortexm/exception_handlers.o
 .debug_macro   0x0000000000001480       0x22 ./system/src/cortexm/exception_handlers.o
 .debug_macro   0x00000000000014a2       0x10 ./system/src/cortexm/exception_handlers.o
 .debug_macro   0x00000000000014b2       0xcf ./system/src/cortexm/exception_handlers.o
 .debug_macro   0x0000000000001581       0xbe ./system/src/cortexm/exception_handlers.o
 .debug_macro   0x000000000000163f       0x10 ./system/src/cortexm/exception_handlers.o
 .debug_macro   0x000000000000164f      0x15b ./system/src/cmsis/system_stm32f0xx.o
 .debug_macro   0x00000000000017aa       0x34 ./system/src/cmsis/vectors_stm32f0xx.o
 .debug_macro   0x00000000000017de      0x340 ./src/main.o
 .debug_macro   0x0000000000001b1e       0x16 ./src/main.o
 .debug_macro   0x0000000000001b34       0x97 ./src/main.o
 .debug_macro   0x0000000000001bcb       0xfd ./src/main.o
 .debug_macro   0x0000000000001cc8       0x10 ./src/main.o
 .debug_macro   0x0000000000001cd8       0x16 ./src/main.o
 .debug_macro   0x0000000000001cee      0x16f ./src/main.o
